#-----------------------------------------------------------
# Vivado v2017.2 (64-bit)
# SW Build 1909853 on Thu Jun 15 18:39:09 MDT 2017
# IP Build 1909766 on Thu Jun 15 19:58:00 MDT 2017
# Start of session at: Tue May 29 14:38:00 2018
# Process ID: 14176
# Current directory: C:/Users/ASUS/Desktop/Lab 12/Lab12DemoV1.0
# Command line: vivado.exe -gui_launcher_event rodinguilauncherevent14108 C:\Users\ASUS\Desktop\Lab 12\Lab12DemoV1.0\Lab12Demo.xpr
# Log file: C:/Users/ASUS/Desktop/Lab 12/Lab12DemoV1.0/vivado.log
# Journal file: C:/Users/ASUS/Desktop/Lab 12/Lab12DemoV1.0\vivado.jou
#-----------------------------------------------------------
start_gui
open_project {C:/Users/ASUS/Desktop/Lab 12/Lab12DemoV1.0/Lab12Demo.xpr}
open_hw
connect_hw_server
open_hw_target
set_property PROGRAM.FILE {C:/Users/ASUS/Desktop/Lab 12/Lab12DemoV1.0/Lab12Demo.runs/impl_1/system.bit} [get_hw_devices xc7z020_1]
current_hw_device [get_hw_devices xc7z020_1]
refresh_hw_device -update_hw_probes false [lindex [get_hw_devices xc7z020_1] 0]
set_property PROBES.FILE {} [get_hw_devices xc7z020_1]
set_property FULL_PROBES.FILE {} [get_hw_devices xc7z020_1]
set_property PROGRAM.FILE {C:/Users/ASUS/Desktop/Lab 12/Lab12DemoV1.0/Lab12Demo.runs/impl_1/system.bit} [get_hw_devices xc7z020_1]
program_hw_devices [get_hw_devices xc7z020_1]
refresh_hw_device [lindex [get_hw_devices xc7z020_1] 0]
